// Vitest Snapshot v1, https://vitest.dev/guide/snapshot.html

exports[`CloseButton > matches the snapshot 1`] = `
<div>
  <a
    class="close-button"
    href="#"
    title="close"
  >
    <i
      class="fa fa-times"
    />
  </a>
</div>
`;
